// Jest Snapshot v1, https://goo.gl/fbAQLP

exports[`Button should render according snapshot 1`] = `
<div>
  <button
    class="sc-bdVaJa kquZro"
  >
    Hello World
  </button>
</div>
`;
